[09:38:39] device=cuda, train=24565, val=4336
[09:42:14] epoch 01/15  train_loss 0.5231  val_loss 2.1913  val_f1 0.1384  (213s)  -> best
[09:45:44] epoch 02/15  train_loss 0.1753  val_loss 1.5415  val_f1 0.2060  (210s)  -> best
[09:49:11] epoch 03/15  train_loss 0.1244  val_loss 1.4611  val_f1 0.2397  (207s)  -> best
[09:52:36] epoch 04/15  train_loss 0.1032  val_loss 1.1198  val_f1 0.3243  (205s)  -> best
[09:55:59] epoch 05/15  train_loss 0.0700  val_loss 1.0859  val_f1 0.3830  (203s)  -> best
[09:59:26] epoch 06/15  train_loss 0.0604  val_loss 0.9692  val_f1 0.4072  (207s)  -> best
[10:03:03] epoch 07/15  train_loss 0.0497  val_loss 1.0245  val_f1 0.4295  (217s)  -> best
[10:06:32] epoch 08/15  train_loss 0.0439  val_loss 1.1385  val_f1 0.4583  (209s)  -> best
[10:10:05] epoch 09/15  train_loss 0.0383  val_loss 1.1197  val_f1 0.4519  (213s)
[10:13:33] epoch 10/15  train_loss 0.0282  val_loss 1.1335  val_f1 0.4682  (208s)  -> best
[10:17:03] epoch 11/15  train_loss 0.0253  val_loss 1.0980  val_f1 0.4827  (210s)  -> best
[10:20:33] epoch 12/15  train_loss 0.0298  val_loss 1.2071  val_f1 0.4388  (211s)
[10:24:03] epoch 13/15  train_loss 0.0236  val_loss 1.1103  val_f1 0.5358  (209s)  -> best
[10:27:33] epoch 14/15  train_loss 0.0192  val_loss 1.1730  val_f1 0.5521  (210s)  -> best
[10:30:57] epoch 15/15  train_loss 0.0189  val_loss 1.2580  val_f1 0.5324  (204s)
[10:31:13] 
              precision    recall  f1-score   support

          BA       0.88      0.97      0.92        62
          BL       0.76      0.91      0.83       302
         BNE       0.07      0.76      0.14        59
          EO       0.67      0.94      0.78       129
          LY       0.98      0.70      0.82      1215
         MMY       0.20      0.56      0.30        54
          MO       0.95      0.67      0.79       412
          MY       0.38      0.83      0.52        66
          PC       0.24      0.60      0.34        10
         PLY       0.17      0.50      0.25         2
         PMY       0.46      0.35      0.40        17
         SNE       1.00      0.68      0.81      1953
         VLY       0.16      0.87      0.27        55

    accuracy                           0.72      4336
   macro avg       0.53      0.72      0.55      4336
weighted avg       0.91      0.72      0.78      4336

[10:31:14] val macro-F1 0.5521, accuracy 0.7163
